INFO:benchflow.Bench:Getting all task ids for webcanvas
INFO:benchflow.Bench:Starting deployment of agent WebcanvasAgent
INFO:benchflow.Bench:WebcanvasAgent deployed successfully on port 9008
INFO:benchflow.Bench:Starting task 0 on WebcanvasAgent
INFO:benchflow.Bench:Task 0 on WebcanvasAgent finished
INFO:benchflow.Bench:Starting task 1 on WebcanvasAgent
INFO:benchflow.Bench:Task 1 on WebcanvasAgent finished
INFO:benchflow.Bench:Starting task 2 on WebcanvasAgent
INFO:benchflow.Bench:Task 2 on WebcanvasAgent finished
INFO:benchflow.Bench:Starting task 3 on WebcanvasAgent
INFO:benchflow.Bench:Task 3 on WebcanvasAgent finished
INFO:benchflow.Bench:Starting task 4 on WebcanvasAgent
INFO:benchflow.Bench:Task 4 on WebcanvasAgent finished
INFO:benchflow.Bench:Starting task 5 on WebcanvasAgent
INFO:benchflow.Bench:Task 5 on WebcanvasAgent finished
INFO:benchflow.Bench:Starting task 6 on WebcanvasAgent
INFO:benchflow.Bench:Task 6 on WebcanvasAgent finished
INFO:benchflow.Bench:Starting task 7 on WebcanvasAgent
INFO:benchflow.Bench:Task 7 on WebcanvasAgent finished
INFO:benchflow.Bench:Starting task 8 on WebcanvasAgent
INFO:benchflow.Bench:Task 8 on WebcanvasAgent finished
INFO:benchflow.Bench:Starting task 9 on WebcanvasAgent
INFO:benchflow.Bench:Task 9 on WebcanvasAgent finished
INFO:benchflow.Bench:Starting task 10 on WebcanvasAgent
INFO:benchflow.Bench:Task 10 on WebcanvasAgent finished
INFO:benchflow.Bench:Starting task 11 on WebcanvasAgent
INFO:benchflow.Bench:Task 11 on WebcanvasAgent finished
INFO:benchflow.Bench:Starting task 12 on WebcanvasAgent
INFO:benchflow.Bench:Task 12 on WebcanvasAgent finished
INFO:benchflow.Bench:Starting task 13 on WebcanvasAgent
INFO:benchflow.Bench:Task 13 on WebcanvasAgent finished
INFO:benchflow.Bench:Starting task 14 on WebcanvasAgent
INFO:benchflow.Bench:Task 14 on WebcanvasAgent finished
INFO:benchflow.Bench:Starting task 15 on WebcanvasAgent
INFO:benchflow.Bench:Task 15 on WebcanvasAgent finished
INFO:benchflow.Bench:Starting task 16 on WebcanvasAgent
INFO:benchflow.Bench:Task 16 on WebcanvasAgent finished
INFO:benchflow.Bench:Starting task 17 on WebcanvasAgent
INFO:benchflow.Bench:Task 17 on WebcanvasAgent finished
INFO:benchflow.Bench:Starting task 18 on WebcanvasAgent
INFO:benchflow.Bench:Task 18 on WebcanvasAgent finished
INFO:benchflow.Bench:Starting task 19 on WebcanvasAgent
INFO:benchflow.Bench:Task 19 on WebcanvasAgent finished
INFO:benchflow.Bench:Starting task 20 on WebcanvasAgent
INFO:benchflow.Bench:Task 20 on WebcanvasAgent finished
INFO:benchflow.Bench:Starting task 21 on WebcanvasAgent
INFO:benchflow.Bench:Task 21 on WebcanvasAgent finished
INFO:benchflow.Bench:Starting task 22 on WebcanvasAgent
INFO:benchflow.Bench:Task 22 on WebcanvasAgent finished
INFO:benchflow.Bench:Starting task 23 on WebcanvasAgent
INFO:benchflow.Bench:Task 23 on WebcanvasAgent finished
INFO:benchflow.Bench:Starting task 24 on WebcanvasAgent
INFO:benchflow.Bench:Task 24 on WebcanvasAgent finished
INFO:benchflow.Bench:Starting task 25 on WebcanvasAgent
INFO:benchflow.Bench:Task 25 on WebcanvasAgent finished
INFO:benchflow.Bench:Starting task 26 on WebcanvasAgent
INFO:benchflow.Bench:Task 26 on WebcanvasAgent finished
INFO:benchflow.Bench:Starting task 27 on WebcanvasAgent
INFO:benchflow.Bench:Task 27 on WebcanvasAgent finished
INFO:benchflow.Bench:Starting task 28 on WebcanvasAgent
