==============================================================================
Suites                                                                        
==============================================================================
Suites.Package Installation :: Test suite for verifying DBPA package instal...
==============================================================================
